eeschema (2013-may-18)-stable  >> Creation date: Mon 14 Apr 2014 01:08:29 PM EDT
#Cmp ( order = Reference )
| 3x21       LED_POW_GND 
| C1         C           
| C2         C           
| C3         C           
| C4         CP          
| C5         CP          
| CHAIN1     4x1         
| D1         DIODE       
| D2         DIODE       
| D3         LED         
| D4         LED         
| dropoutR1  GS3         
| NegR1      GS3         
| OUTPUT1-2  OUTPUT1-2   
| OUTPUT11-12 OUTPUT11-12 
| OUTPUT13-14 OUTPUT13-14 
| OUTPUT15-16 OUTPUT15-16 
| OUTPUT3-4  OUTPUT3-4   
| OUTPUT5-6  OUTPUT5-6   
| OUTPUT7-8  OUTPUT7-8   
| OUTPUT9-10 OUTPUT9-10  
| PMETER     PMETER      
| power_male1 power_male  
| R1         R           
| R2         R           
| REF1-4     REF1-4      
| REF13-16   REF13-16    
| REF5-8     REF5-8      
| REF9-12    REF9-12     
| SWITCH1    SWITCH1     
| SWITCH2    SWITCH2     
| SWITCH3    SWITCH3     
| SWITCH4    SWITCH4     
| SWITCH5    SWITCH5     
| SWITCH6    SWITCH6     
| SWITCH7    SWITCH7     
| SWITCH8    SWITCH8     
| SWITCH9    SWITCH9     
| SWITCH10   SWITCH10    
| SWITCH11   SWITCH11    
| SWITCH12   SWITCH12    
| SWITCH13   SWITCH13    
| SWITCH14   SWITCH14    
| SWITCH15   SWITCH15    
| SWITCH16   SWITCH16    
| TET1-4     TET1-4      
| TET13-16   TET13-16    
| TET5-8     TET5-8      
| TET9-12    TET9-12     
| U1         POWER_SWITCH
#End Cmp

#Cmp ( order = Value )
| C            C1        
| C            C2        
| C            C3        
| CP           C4        
| CP           C5        
| 4x1          CHAIN1    
| DIODE        D1        
| DIODE        D2        
| LED          D3        
| LED          D4        
| GS3          dropoutR1 
| GS3          NegR1     
| LED_POW_GND  3x21      
| OUTPUT1-2    OUTPUT1-2 
| OUTPUT3-4    OUTPUT3-4 
| OUTPUT5-6    OUTPUT5-6 
| OUTPUT7-8    OUTPUT7-8 
| OUTPUT9-10   OUTPUT9-10
| OUTPUT11-12  OUTPUT11-12
| OUTPUT13-14  OUTPUT13-14
| OUTPUT15-16  OUTPUT15-16
| R            R1        
| R            R2        
| REF1-4       REF1-4    
| REF5-8       REF5-8    
| REF9-12      REF9-12   
| REF13-16     REF13-16  
| SWITCH1      SWITCH1   
| SWITCH2      SWITCH2   
| SWITCH3      SWITCH3   
| SWITCH4      SWITCH4   
| SWITCH5      SWITCH5   
| SWITCH6      SWITCH6   
| SWITCH7      SWITCH7   
| SWITCH8      SWITCH8   
| SWITCH9      SWITCH9   
| SWITCH10     SWITCH10  
| SWITCH11     SWITCH11  
| SWITCH12     SWITCH12  
| SWITCH13     SWITCH13  
| SWITCH14     SWITCH14  
| SWITCH15     SWITCH15  
| SWITCH16     SWITCH16  
| TET1-4       TET1-4    
| TET5-8       TET5-8    
| TET9-12      TET9-12   
| TET13-16     TET13-16  
| power_male   power_male1
| POWER_SWITCH U1        
| PMETER       PMETER    
#End Cmp

#End List
